2026-02-09 14:32:54 [main] INFO  com.revpay.main.RevPayApplication -       RevPay Application Started    
2026-02-09 14:32:54 [main] INFO  com.revpay.menu.MainMenu - ===== REV PAY =====
1. Register
2. Login
3. Exit

2026-02-09 14:33:15 [main] INFO  com.revpay.menu.LoginMenu -     1. Try Again
    2. Forgot Password
    3. Exit

2026-02-09 14:33:35 [main] INFO  com.revpay.menu.MainMenu - ===== REV PAY =====
1. Register
2. Login
3. Exit

2026-02-09 14:33:37 [main] INFO  com.revpay.menu.RegisterMenu - Select Account Type:
1. Personal
2. Business

2026-02-09 14:34:14 [main] INFO  com.revpay.menu.MainMenu - ===== REV PAY =====
1. Register
2. Login
3. Exit

2026-02-09 14:35:21 [main] INFO  com.revpay.menu.BusinessMenu - ===== BUSINESS MENU =====
1. View Wallet Balance
2. Add Money
3. Send Money
4. Request Money
5. View Transactions
6. Create Invoice
7. View / Manage Invoices
8. Apply for Loan
9. View Loan Status
10. View Business Analytics
11. Add / Manage Payment Methods
12. View Notifications
13. Change Password / Transaction PIN
14. Logout

2026-02-09 14:35:29 [main] INFO  com.revpay.menu.BusinessMenu - ===== BUSINESS MENU =====
1. View Wallet Balance
2. Add Money
3. Send Money
4. Request Money
5. View Transactions
6. Create Invoice
7. View / Manage Invoices
8. Apply for Loan
9. View Loan Status
10. View Business Analytics
11. Add / Manage Payment Methods
12. View Notifications
13. Change Password / Transaction PIN
14. Logout

2026-02-09 14:35:56 [main] INFO  com.revpay.menu.AddMoneyMenu - ===== ADD MONEY =====
2026-02-09 14:36:35 [main] INFO  com.revpay.menu.AddMoneyMenu - Money added successfully!
2026-02-09 14:36:35 [main] INFO  com.revpay.menu.AddMoneyMenu - Updated Wallet Balance: ₹56400.0
2026-02-09 14:36:35 [main] INFO  com.revpay.menu.BusinessMenu - ===== BUSINESS MENU =====
1. View Wallet Balance
2. Add Money
3. Send Money
4. Request Money
5. View Transactions
6. Create Invoice
7. View / Manage Invoices
8. Apply for Loan
9. View Loan Status
10. View Business Analytics
11. Add / Manage Payment Methods
12. View Notifications
13. Change Password / Transaction PIN
14. Logout

